21:51:01 [INFO] ============================================================
21:51:01 [INFO] LifeOS Desktop Tracker starting…
21:51:01 [INFO] Poll interval : 5s
21:51:01 [INFO] Idle threshold: 300s (5 min)
21:51:01 [INFO] Flush interval: every 6 polls (30s)
21:51:01 [INFO] ============================================================
21:51:03 [ERROR] Authentication failed: 404 Client Error: Not Found for url: http://localhost:8000/auth/login
21:51:03 [ERROR] Cannot start: authentication failed. Check your .env credentials.
21:51:50 [INFO] ============================================================
21:51:50 [INFO] LifeOS Desktop Tracker starting…
21:51:50 [INFO] Poll interval : 5s
21:51:50 [INFO] Idle threshold: 300s (5 min)
21:51:50 [INFO] Flush interval: every 6 polls (30s)
21:51:50 [INFO] ============================================================
21:51:54 [ERROR] Network error during authentication: HTTPConnectionPool(host='localhost', port=8001): Max retries exceeded with url: /auth/login (Caused by NewConnectionError('<urllib3.connection.HTTPConnection object at 0x0000016B9518C050>: Failed to establish a new connection: [WinError 10061] No connection could be made because the target machine actively refused it'))
21:51:54 [ERROR] Cannot start: authentication failed. Check your .env credentials.
22:05:04 [INFO] ============================================================
22:05:04 [INFO] LifeOS Desktop Tracker starting…
22:05:04 [INFO] Poll interval : 5s
22:05:04 [INFO] Idle threshold: 300s (5 min)
22:05:04 [INFO] Flush interval: every 6 polls (30s)
22:05:04 [INFO] ============================================================
22:05:07 [INFO] ✓ Authenticated as Madesh (amadesh702@gmail.com)
22:07:22 [INFO] ============================================================
22:07:22 [INFO] LifeOS Desktop Tracker starting...
22:07:22 [INFO] Poll interval : 5s
22:07:22 [INFO] Idle threshold: 300s (5 min)
22:07:22 [INFO] Flush interval: every 6 polls (30s)
22:07:22 [INFO] ============================================================
22:07:24 [INFO] [OK] Authenticated as Madesh (amadesh702@gmail.com)
22:09:11 [INFO] ============================================================
22:09:11 [INFO] LifeOS Desktop Tracker starting...
22:09:11 [INFO] Poll interval : 5s
22:09:11 [INFO] Idle threshold: 300s (5 min)
22:09:11 [INFO] Flush interval: every 6 polls (30s)
22:09:11 [INFO] ============================================================
22:09:14 [INFO] [OK] Authenticated as Madesh (amadesh702@gmail.com)
22:14:23 [INFO] ============================================================
22:14:23 [INFO] LifeOS Desktop Tracker starting...
22:14:23 [INFO] Poll interval : 5s
22:14:23 [INFO] Idle threshold: 300s (5 min)
22:14:23 [INFO] Flush interval: every 6 polls (30s)
22:14:23 [INFO] ============================================================
22:14:26 [INFO] [OK] Authenticated as Madesh (amadesh702@gmail.com)
22:14:26 [INFO] Now tracking: [NEUTRAL] Antigravity IDE.exe -- lifeos - Antigravity IDE - .env
22:14:53 [INFO] [OK] Flushed 1/1 desktop sessions to backend.
22:15:25 [INFO] [OK] Flushed 1/1 desktop sessions to backend.
22:15:57 [INFO] [OK] Flushed 1/1 desktop sessions to backend.
22:16:29 [INFO] [OK] Flushed 1/1 desktop sessions to backend.
22:17:14 [INFO] [OK] Flushed 1/1 desktop sessions to backend.
22:17:46 [INFO] [OK] Flushed 1/1 desktop sessions to backend.
22:18:18 [INFO] [OK] Flushed 1/1 desktop sessions to backend.
22:18:23 [INFO] Now tracking: [NEUTRAL] mysql.exe -- MySQL 8.0 Command Line Client
22:18:50 [INFO] [OK] Flushed 1/1 desktop sessions to backend.
22:19:22 [INFO] [OK] Flushed 1/1 desktop sessions to backend.
22:19:54 [INFO] [OK] Flushed 1/1 desktop sessions to backend.
22:19:59 [INFO] Now tracking: [NEUTRAL] Antigravity IDE.exe -- lifeos - Antigravity IDE - .env
22:20:04 [INFO] Session complete: [NEUTRAL] Antigravity IDE.exe -- lifeos - Antigravity IDE - .env | 5s
22:20:04 [INFO] Now tracking: [NEUTRAL] Antigravity IDE.exe -- lifeos - Antigravity IDE - requirements.txt
22:20:09 [INFO] Session complete: [NEUTRAL] Antigravity IDE.exe -- lifeos - Antigravity IDE - requirements.txt | 5s
22:20:09 [INFO] Now tracking: [NEUTRAL] Antigravity IDE.exe -- lifeos - Antigravity IDE - test_api.py
22:20:14 [INFO] Session complete: [NEUTRAL] Antigravity IDE.exe -- lifeos - Antigravity IDE - test_api.py | 5s
22:20:14 [INFO] Now tracking: [NEUTRAL] Antigravity IDE.exe -- lifeos - Antigravity IDE - test_public_auth_url.py
22:20:19 [INFO] Session complete: [NEUTRAL] Antigravity IDE.exe -- lifeos - Antigravity IDE - test_public_auth_url.py | 5s
22:20:19 [INFO] Now tracking: [NEUTRAL] Antigravity IDE.exe -- lifeos - Antigravity IDE - test_endpoint.py
22:20:24 [INFO] Session complete: [NEUTRAL] Antigravity IDE.exe -- lifeos - Antigravity IDE - test_endpoint.py | 5s
22:20:24 [INFO] Now tracking: [NEUTRAL] Antigravity IDE.exe -- lifeos - Antigravity IDE - migrate_db.py
22:20:26 [INFO] [OK] Flushed 6/6 desktop sessions to backend.
22:20:31 [INFO] Now tracking: [NEUTRAL] Antigravity IDE.exe -- lifeos - Antigravity IDE - init_db.py
22:20:41 [INFO] Session complete: [NEUTRAL] Antigravity IDE.exe -- lifeos - Antigravity IDE - init_db.py | 10s
22:20:41 [INFO] Now tracking: [NEUTRAL] Antigravity IDE.exe -- lifeos - Antigravity IDE - .env.example
22:20:51 [INFO] Session complete: [NEUTRAL] Antigravity IDE.exe -- lifeos - Antigravity IDE - .env.example | 10s
22:20:51 [INFO] Now tracking: [NEUTRAL] Antigravity IDE.exe -- lifeos - Antigravity IDE - .env
22:20:59 [INFO] [OK] Flushed 3/3 desktop sessions to backend.
22:21:31 [INFO] [OK] Flushed 1/1 desktop sessions to backend.
22:22:03 [INFO] [OK] Flushed 1/1 desktop sessions to backend.
22:22:33 [INFO] Session complete: [NEUTRAL] Antigravity IDE.exe -- lifeos - Antigravity IDE - .env | 25s
22:22:33 [INFO] Now tracking: [NEUTRAL] Antigravity IDE.exe -- lifeos - Antigravity IDE - lifeos.db
22:22:35 [INFO] [OK] Flushed 2/2 desktop sessions to backend.
22:23:07 [INFO] [OK] Flushed 1/1 desktop sessions to backend.
22:23:39 [INFO] [OK] Flushed 1/1 desktop sessions to backend.
22:23:54 [INFO] Session complete: [NEUTRAL] Antigravity IDE.exe -- lifeos - Antigravity IDE - lifeos.db | 10s
22:23:54 [INFO] Now tracking: [NEUTRAL] LinkedIn.exe -- LinkedIn
22:23:59 [INFO] Session complete: [NEUTRAL] LinkedIn.exe -- LinkedIn | 5s
22:23:59 [INFO] Now tracking: [NEUTRAL] Antigravity IDE.exe -- lifeos - Antigravity IDE - lifeos.db
22:24:09 [INFO] Session complete: [NEUTRAL] Antigravity IDE.exe -- lifeos - Antigravity IDE - lifeos.db | 10s
22:24:09 [INFO] Now tracking: [NEUTRAL] LinkedIn.exe -- LinkedIn
22:24:11 [INFO] [OK] Flushed 4/4 desktop sessions to backend.
22:24:31 [INFO] Session complete: [NEUTRAL] LinkedIn.exe -- LinkedIn | 15s
22:24:31 [INFO] Now tracking: [NEUTRAL] Antigravity IDE.exe -- lifeos - Antigravity IDE - lifeos.db
22:24:41 [INFO] Session complete: [NEUTRAL] Antigravity IDE.exe -- lifeos - Antigravity IDE - lifeos.db | 10s
22:24:41 [INFO] Now tracking: [NEUTRAL] Antigravity IDE.exe -- lifeos - Antigravity IDE - .env
22:24:43 [INFO] [OK] Flushed 3/3 desktop sessions to backend.
22:24:48 [INFO] Now tracking: [NEUTRAL] Antigravity IDE.exe -- lifeos - Antigravity IDE - lifeos.db
22:25:15 [INFO] [OK] Flushed 1/1 desktop sessions to backend.
19:34:30 [INFO] ============================================================
19:34:30 [INFO] LifeOS Desktop Tracker starting...
19:34:30 [INFO] Poll interval : 5s
19:34:30 [INFO] Idle threshold: 300s (5 min)
19:34:30 [INFO] Flush interval: every 6 polls (30s)
19:34:30 [INFO] ============================================================
19:34:33 [INFO] [OK] Authenticated as Madesh (amadesh702@gmail.com)
19:37:57 [INFO] ============================================================
19:37:57 [INFO] LifeOS Desktop Tracker starting...
19:37:57 [INFO] Poll interval : 5s
19:37:57 [INFO] Idle threshold: 300s (5 min)
19:37:57 [INFO] Flush interval: every 6 polls (30s)
19:37:57 [INFO] ============================================================
19:38:00 [INFO] [OK] Authenticated as Madesh (amadesh702@gmail.com)
19:47:13 [INFO] ============================================================
19:47:13 [INFO] LifeOS Desktop Tracker starting...
19:47:13 [INFO] Poll interval : 5s
19:47:13 [INFO] Idle threshold: 300s (5 min)
19:47:13 [INFO] Flush interval: every 6 polls (30s)
19:47:13 [INFO] ============================================================
19:47:17 [ERROR] Network error during authentication: HTTPConnectionPool(host='localhost', port=8000): Max retries exceeded with url: /api/auth/login (Caused by NewConnectionError('<urllib3.connection.HTTPConnection object at 0x00000198621C4B50>: Failed to establish a new connection: [WinError 10061] No connection could be made because the target machine actively refused it'))
19:47:17 [ERROR] Cannot start: authentication failed. Check your .env credentials.
19:49:13 [INFO] ============================================================
19:49:13 [INFO] LifeOS Desktop Tracker starting...
19:49:13 [INFO] Poll interval : 5s
19:49:13 [INFO] Idle threshold: 300s (5 min)
19:49:13 [INFO] Flush interval: every 6 polls (30s)
19:49:13 [INFO] ============================================================
19:49:16 [INFO] [OK] Authenticated as Madesh (amadesh702@gmail.com)
20:05:05 [INFO] Shutdown signal received. Flushing remaining sessions...
20:05:06 [INFO] Desktop Tracker stopped cleanly.
20:46:53 [INFO] [OK] Authenticated as Madesh (amadesh702@gmail.com)
20:46:53 [INFO] ============================================================
20:46:53 [INFO] Tracking engine started in background thread.
20:46:53 [INFO] LifeOS Desktop Tracker starting...
20:46:53 [INFO] Poll interval : 5s
20:46:53 [INFO] App blocker sync started.
20:46:53 [INFO] Idle threshold: 300s (5 min)
20:46:53 [INFO] Flush interval: every 6 polls (30s)
20:46:53 [INFO] System tray icon started.
20:46:53 [INFO] ============================================================
20:46:53 [INFO] Unknown app 'Antigravity IDE.exe' detected, querying AI for classification...
20:46:56 [INFO] Now tracking: [PRODUCTIVE] Antigravity IDE.exe -- lifeos - Antigravity IDE - Implementation Plan
20:47:01 [INFO] Session complete: [PRODUCTIVE] Antigravity IDE.exe -- lifeos - Antigravity IDE - Implementation Plan | 5s
20:47:01 [INFO] Now tracking: [PRODUCTIVE] python.exe -- LifeOS Desktop Tracker
20:47:04 [INFO] Focus mode ENABLED
20:47:10 [INFO] Tracking paused.
20:47:11 [INFO] Tracking resumed.
20:47:12 [INFO] Tracking paused.
20:47:14 [INFO] Tracking resumed.
20:47:16 [INFO] Unknown app 'Antigravity IDE.exe' detected, querying AI for classification...
20:47:19 [INFO] Session complete: [PRODUCTIVE] python.exe -- LifeOS Desktop Tracker | 15s
20:47:19 [INFO] Now tracking: [PRODUCTIVE] Antigravity IDE.exe -- lifeos - Antigravity IDE - Implementation Plan
20:47:24 [INFO] Unknown app 'Antigravity IDE.exe' detected, querying AI for classification...
20:47:24 [INFO] [OK] Flushed 3/3 desktop sessions to backend.
20:47:29 [INFO] Now tracking: [NEUTRAL] Windows Explorer -- 
20:47:39 [INFO] Unknown app 'VEDetector.exe' detected, querying AI for classification...
20:47:41 [INFO] Session complete: [NEUTRAL] Windows Explorer --  | 10s
20:47:41 [INFO] Now tracking: [PRODUCTIVE] VEDetector.exe -- Environment testing
20:47:46 [INFO] Unknown app 'VEDetector.exe' detected, querying AI for classification...
20:47:51 [INFO] Unknown app 'VEDetector.exe' detected, querying AI for classification...
20:47:57 [INFO] Unknown app 'VEDetector.exe' detected, querying AI for classification...
20:47:57 [INFO] [OK] Flushed 2/2 desktop sessions to backend.
20:48:02 [INFO] Unknown app 'VEDetector.exe' detected, querying AI for classification...
20:48:09 [INFO] Session complete: [PRODUCTIVE] VEDetector.exe -- Environment testing | 5s
20:48:09 [INFO] Now tracking: [PRODUCTIVE] python.exe -- LifeOS Desktop Tracker
20:48:13 [INFO] Focus mode DISABLED
20:48:15 [INFO] Focus mode ENABLED
20:48:16 [INFO] Focus mode DISABLED
20:48:19 [INFO] Focus mode ENABLED
20:48:24 [INFO] Unknown app 'CapCut.exe' detected, querying AI for classification...
20:48:27 [INFO] Session complete: [PRODUCTIVE] python.exe -- LifeOS Desktop Tracker | 15s
20:48:27 [INFO] Now tracking: [NEUTRAL] CapCut.exe -- CapCut
20:48:32 [INFO] Unknown app 'CapCut.exe' detected, querying AI for classification...
20:48:35 [INFO] [OK] Flushed 3/3 desktop sessions to backend.
20:48:40 [INFO] Unknown app 'Antigravity IDE.exe' detected, querying AI for classification...
20:48:40 [INFO] Now tracking: [PRODUCTIVE] Antigravity IDE.exe -- lifeos - Antigravity IDE - Implementation Plan
20:48:45 [INFO] Unknown app 'Antigravity IDE.exe' detected, querying AI for classification...
20:48:52 [INFO] Unknown app 'Antigravity IDE.exe' detected, querying AI for classification...
20:48:52 [ERROR] Failed to dynamically classify app 'Antigravity IDE.exe': ('Connection aborted.', ConnectionResetError(10054, 'An existing connection was forcibly closed by the remote host', None, 10054, None))
20:48:57 [INFO] Unknown app 'Antigravity IDE.exe' detected, querying AI for classification...
20:49:03 [INFO] Unknown app 'Antigravity IDE.exe' detected, querying AI for classification...
20:49:05 [INFO] Session complete: [PRODUCTIVE] Antigravity IDE.exe -- lifeos - Antigravity IDE - Implementation Plan | 20s
20:49:05 [INFO] Now tracking: [PRODUCTIVE] Antigravity IDE.exe -- lifeos - Antigravity IDE - api_client.py
20:49:10 [INFO] Unknown app 'Antigravity IDE.exe' detected, querying AI for classification...
20:49:12 [INFO] [OK] Flushed 2/2 desktop sessions to backend.
20:49:17 [INFO] Unknown app 'Antigravity IDE.exe' detected, querying AI for classification...
20:49:23 [INFO] Session complete: [PRODUCTIVE] Antigravity IDE.exe -- lifeos - Antigravity IDE - api_client.py | 5s
20:49:23 [INFO] Now tracking: [PRODUCTIVE] python.exe -- LifeOS Desktop Tracker
20:49:28 [INFO] Unknown app 'Antigravity IDE.exe' detected, querying AI for classification...
20:49:30 [INFO] Session complete: [PRODUCTIVE] python.exe -- LifeOS Desktop Tracker | 5s
20:49:30 [INFO] Now tracking: [PRODUCTIVE] Antigravity IDE.exe -- lifeos - Antigravity IDE - api_client.py
20:49:35 [INFO] Unknown app 'Antigravity IDE.exe' detected, querying AI for classification...
20:49:42 [INFO] Unknown app 'Antigravity IDE.exe' detected, querying AI for classification...
20:49:47 [INFO] Unknown app 'Antigravity IDE.exe' detected, querying AI for classification...
20:49:50 [INFO] [OK] Flushed 3/3 desktop sessions to backend.
20:49:55 [INFO] Unknown app 'Antigravity IDE.exe' detected, querying AI for classification...
20:50:02 [INFO] Unknown app 'Antigravity IDE.exe' detected, querying AI for classification...
20:50:07 [INFO] Unknown app 'Antigravity IDE.exe' detected, querying AI for classification...
20:50:12 [INFO] Unknown app 'Antigravity IDE.exe' detected, querying AI for classification...
20:50:18 [INFO] Unknown app 'Antigravity IDE.exe' detected, querying AI for classification...
20:50:23 [INFO] Unknown app 'Antigravity IDE.exe' detected, querying AI for classification...
20:50:25 [INFO] [OK] Flushed 1/1 desktop sessions to backend.
20:50:30 [INFO] Unknown app 'Antigravity IDE.exe' detected, querying AI for classification...
20:50:36 [INFO] Unknown app 'Antigravity IDE.exe' detected, querying AI for classification...
20:50:43 [INFO] Unknown app 'Antigravity IDE.exe' detected, querying AI for classification...
20:50:49 [INFO] Unknown app 'Antigravity IDE.exe' detected, querying AI for classification...
20:50:54 [INFO] Unknown app 'Antigravity IDE.exe' detected, querying AI for classification...
20:51:00 [INFO] Unknown app 'Antigravity IDE.exe' detected, querying AI for classification...
20:51:00 [INFO] [OK] Flushed 1/1 desktop sessions to backend.
20:51:05 [INFO] Now tracking: [NEUTRAL] Windows Explorer -- File Explorer
20:51:20 [INFO] Session complete: [NEUTRAL] Windows Explorer -- File Explorer | 15s
20:51:20 [INFO] Now tracking: [NEUTRAL] Windows Explorer -- desktop_tracker
20:51:33 [INFO] [OK] Flushed 2/2 desktop sessions to backend.
20:52:03 [INFO] Unknown app 'py.exe' detected, querying AI for classification...
20:52:03 [INFO] Session complete: [NEUTRAL] Windows Explorer -- desktop_tracker | 25s
20:52:03 [INFO] Now tracking: [PRODUCTIVE] py.exe -- C:\Windows\py.exe
20:52:03 [INFO] [OK] Flushed 2/2 desktop sessions to backend.
20:52:08 [INFO] Now tracking: [NEUTRAL] Windows Explorer -- desktop_tracker
20:52:18 [INFO] Session complete: [NEUTRAL] Windows Explorer -- desktop_tracker | 10s
20:52:18 [INFO] Now tracking: [NEUTRAL] Windows Explorer -- dist
20:52:36 [INFO] [OK] Flushed 2/2 desktop sessions to backend.
20:53:01 [INFO] Unknown app 'LifeOS_Tracker.exe' detected, querying AI for classification...
20:53:03 [INFO] Session complete: [NEUTRAL] Windows Explorer -- dist | 20s
20:53:03 [INFO] Now tracking: [NEUTRAL] LifeOS_Tracker.exe -- LifeOS Desktop Tracker
20:53:08 [INFO] Unknown app 'LifeOS_Tracker.exe' detected, querying AI for classification...
20:53:08 [ERROR] Failed to dynamically classify app 'LifeOS_Tracker.exe': ('Connection aborted.', ConnectionResetError(10054, 'An existing connection was forcibly closed by the remote host', None, 10054, None))
20:53:11 [INFO] [OK] Flushed 2/2 desktop sessions to backend.
20:53:16 [INFO] Unknown app 'Antigravity IDE.exe' detected, querying AI for classification...
20:53:16 [INFO] Now tracking: [PRODUCTIVE] Antigravity IDE.exe -- lifeos - Antigravity IDE - api_client.py
20:53:21 [INFO] Unknown app 'Antigravity IDE.exe' detected, querying AI for classification...
20:53:28 [INFO] Unknown app 'Antigravity IDE.exe' detected, querying AI for classification...
20:53:33 [INFO] Unknown app 'Antigravity IDE.exe' detected, querying AI for classification...
20:53:39 [INFO] Unknown app 'Antigravity IDE.exe' detected, querying AI for classification...
20:53:46 [INFO] Unknown app 'LifeOS_Tracker.exe' detected, querying AI for classification...
20:53:47 [INFO] Session complete: [PRODUCTIVE] Antigravity IDE.exe -- lifeos - Antigravity IDE - api_client.py | 25s
20:53:47 [INFO] Now tracking: [NEUTRAL] LifeOS_Tracker.exe -- LifeOS Desktop Tracker
20:53:47 [INFO] [OK] Flushed 2/2 desktop sessions to backend.
20:53:52 [INFO] Now tracking: [NEUTRAL] Windows Explorer -- 
20:54:19 [INFO] [OK] Flushed 1/1 desktop sessions to backend.
20:54:51 [INFO] [OK] Flushed 1/1 desktop sessions to backend.
20:55:23 [INFO] [OK] Flushed 1/1 desktop sessions to backend.
20:55:55 [INFO] [OK] Flushed 1/1 desktop sessions to backend.
20:56:27 [INFO] [OK] Flushed 1/1 desktop sessions to backend.
20:56:42 [INFO] Unknown app 'Antigravity IDE.exe' detected, querying AI for classification...
20:56:45 [INFO] Session complete: [NEUTRAL] Windows Explorer --  | 10s
20:56:45 [INFO] Now tracking: [PRODUCTIVE] Antigravity IDE.exe -- lifeos - Antigravity IDE - api_client.py
20:56:50 [INFO] Unknown app 'Antigravity IDE.exe' detected, querying AI for classification...
20:56:55 [INFO] Unknown app 'Antigravity IDE.exe' detected, querying AI for classification...
20:57:00 [INFO] Unknown app 'Antigravity IDE.exe' detected, querying AI for classification...
20:57:00 [INFO] [OK] Flushed 2/2 desktop sessions to backend.
20:57:05 [INFO] Unknown app 'Antigravity IDE.exe' detected, querying AI for classification...
20:57:12 [INFO] Unknown app 'Antigravity IDE.exe' detected, querying AI for classification...
20:57:17 [INFO] Unknown app 'Antigravity IDE.exe' detected, querying AI for classification...
20:57:23 [INFO] Unknown app 'Antigravity IDE.exe' detected, querying AI for classification...
20:57:28 [INFO] Unknown app 'Antigravity IDE.exe' detected, querying AI for classification...
20:57:35 [INFO] Unknown app 'Antigravity IDE.exe' detected, querying AI for classification...
20:57:35 [INFO] [OK] Flushed 1/1 desktop sessions to backend.
20:57:40 [INFO] Unknown app 'Antigravity IDE.exe' detected, querying AI for classification...
20:57:48 [INFO] Unknown app 'Antigravity IDE.exe' detected, querying AI for classification...
20:57:48 [ERROR] Failed to dynamically classify app 'Antigravity IDE.exe': ('Connection aborted.', ConnectionResetError(10054, 'An existing connection was forcibly closed by the remote host', None, 10054, None))
20:57:53 [INFO] Unknown app 'Antigravity IDE.exe' detected, querying AI for classification...
20:58:00 [INFO] Unknown app 'Antigravity IDE.exe' detected, querying AI for classification...
20:58:05 [INFO] Unknown app 'Antigravity IDE.exe' detected, querying AI for classification...
20:58:13 [INFO] Unknown app 'Antigravity IDE.exe' detected, querying AI for classification...
20:58:13 [INFO] [OK] Flushed 1/1 desktop sessions to backend.
20:58:18 [INFO] Unknown app 'Antigravity IDE.exe' detected, querying AI for classification...
20:58:25 [INFO] Unknown app 'Antigravity IDE.exe' detected, querying AI for classification...
20:58:33 [INFO] Unknown app 'Antigravity IDE.exe' detected, querying AI for classification...
20:58:38 [INFO] Unknown app 'Antigravity IDE.exe' detected, querying AI for classification...
20:58:43 [INFO] Unknown app 'Antigravity IDE.exe' detected, querying AI for classification...
20:58:48 [INFO] Unknown app 'Antigravity IDE.exe' detected, querying AI for classification...
20:58:51 [INFO] [OK] Flushed 1/1 desktop sessions to backend.
20:58:56 [INFO] Now tracking: [NEUTRAL] Windows Explorer -- dist
20:59:21 [INFO] Unknown app 'LifeOS_Tracker.exe' detected, querying AI for classification...
20:59:23 [INFO] Session complete: [NEUTRAL] Windows Explorer -- dist | 25s
20:59:23 [INFO] Now tracking: [NEUTRAL] LifeOS_Tracker.exe -- LifeOS Desktop Tracker
20:59:23 [INFO] [OK] Flushed 2/2 desktop sessions to backend.
20:59:28 [INFO] Unknown app 'LifeOS_Tracker.exe' detected, querying AI for classification...
20:59:35 [INFO] Unknown app 'Antigravity IDE.exe' detected, querying AI for classification...
20:59:36 [INFO] Session complete: [NEUTRAL] LifeOS_Tracker.exe -- LifeOS Desktop Tracker | 5s
20:59:36 [INFO] Now tracking: [PRODUCTIVE] Antigravity IDE.exe -- lifeos - Antigravity IDE - api_client.py
20:59:41 [INFO] Unknown app 'Antigravity IDE.exe' detected, querying AI for classification...
20:59:48 [INFO] Unknown app 'Antigravity IDE.exe' detected, querying AI for classification...
20:59:55 [INFO] Unknown app 'Antigravity IDE.exe' detected, querying AI for classification...
21:00:00 [INFO] Unknown app 'Antigravity IDE.exe' detected, querying AI for classification...
21:00:03 [INFO] [OK] Flushed 2/2 desktop sessions to backend.
21:00:08 [INFO] Unknown app 'Antigravity IDE.exe' detected, querying AI for classification...
21:00:19 [INFO] Unknown app 'Antigravity IDE.exe' detected, querying AI for classification...
21:00:24 [INFO] Session complete: [PRODUCTIVE] Antigravity IDE.exe -- lifeos - Antigravity IDE - api_client.py | 10s
21:00:24 [INFO] Now tracking: [NEUTRAL] Windows Explorer -- 
21:00:41 [INFO] [OK] Flushed 2/2 desktop sessions to backend.
21:00:46 [INFO] Unknown app 'Antigravity IDE.exe' detected, querying AI for classification...
21:00:47 [INFO] Now tracking: [PRODUCTIVE] Antigravity IDE.exe -- lifeos - Antigravity IDE - api_client.py
21:00:52 [INFO] Unknown app 'Antigravity IDE.exe' detected, querying AI for classification...
21:00:59 [INFO] Unknown app 'Antigravity IDE.exe' detected, querying AI for classification...
21:01:04 [INFO] Unknown app 'Antigravity IDE.exe' detected, querying AI for classification...
21:01:09 [INFO] Unknown app 'Antigravity IDE.exe' detected, querying AI for classification...
21:01:17 [INFO] Unknown app 'Antigravity IDE.exe' detected, querying AI for classification...
21:01:17 [INFO] [OK] Flushed 1/1 desktop sessions to backend.
21:01:22 [INFO] Unknown app 'Antigravity IDE.exe' detected, querying AI for classification...
21:01:29 [INFO] Unknown app 'Antigravity IDE.exe' detected, querying AI for classification...
21:01:35 [INFO] Session complete: [PRODUCTIVE] Antigravity IDE.exe -- lifeos - Antigravity IDE - api_client.py | 10s
21:01:35 [INFO] Now tracking: [NEUTRAL] Windows Explorer -- dist
21:01:40 [INFO] Session complete: [NEUTRAL] Windows Explorer -- dist | 5s
21:01:40 [INFO] Now tracking: [NEUTRAL] Windows Explorer -- desktop_tracker
21:01:45 [INFO] Unknown app 'Antigravity IDE.exe' detected, querying AI for classification...
21:01:46 [INFO] Shutdown signal received. Flushing remaining sessions...
21:01:47 [INFO] Session complete: [NEUTRAL] Windows Explorer -- desktop_tracker | 5s
21:01:47 [INFO] Now tracking: [PRODUCTIVE] Antigravity IDE.exe -- lifeos - Antigravity IDE - api_client.py
21:01:52 [INFO] Unknown app 'Antigravity IDE.exe' detected, querying AI for classification...
21:01:54 [INFO] [OK] Flushed 4/4 desktop sessions to backend.
21:01:56 [INFO] Shutdown signal received. Flushing remaining sessions...
21:01:58 [INFO] Shutdown signal received. Flushing remaining sessions...
21:01:58 [INFO] Shutdown signal received. Flushing remaining sessions...
21:01:58 [INFO] Shutdown signal received. Flushing remaining sessions...
21:01:59 [INFO] Shutdown signal received. Flushing remaining sessions...
21:01:59 [INFO] Unknown app 'Antigravity IDE.exe' detected, querying AI for classification...
21:02:07 [INFO] Unknown app 'Antigravity IDE.exe' detected, querying AI for classification...
21:05:14 [INFO] ============================================================
21:05:14 [INFO] Tracking engine started in background thread.
21:05:14 [INFO] LifeOS Desktop Tracker starting...
21:05:14 [INFO] Poll interval : 5s
21:05:14 [INFO] App blocker sync started.
21:05:14 [INFO] Idle threshold: 300s (5 min)
21:05:14 [INFO] Flush interval: every 6 polls (30s)
21:05:14 [INFO] System tray icon started.
21:05:14 [INFO] ============================================================
21:05:14 [INFO] Now tracking: [PRODUCTIVE] python.exe -- POLARIS — Desktop Agent
21:05:29 [INFO] Unknown app 'Antigravity IDE.exe' detected, querying AI for classification...
21:05:32 [INFO] Session complete: [PRODUCTIVE] python.exe -- POLARIS — Desktop Agent | 15s
21:05:32 [INFO] Now tracking: [PRODUCTIVE] Antigravity IDE.exe -- lifeos - Antigravity IDE - api_client.py
21:05:37 [INFO] Unknown app 'Antigravity IDE.exe' detected, querying AI for classification...
21:05:44 [INFO] Unknown app 'Antigravity IDE.exe' detected, querying AI for classification...
21:05:47 [INFO] [OK] Flushed 2/2 desktop sessions to backend.
21:05:52 [INFO] Unknown app 'Antigravity IDE.exe' detected, querying AI for classification...
21:05:57 [INFO] Unknown app 'Antigravity IDE.exe' detected, querying AI for classification...
21:06:03 [INFO] Unknown app 'Antigravity IDE.exe' detected, querying AI for classification...
21:06:10 [INFO] Unknown app 'Antigravity IDE.exe' detected, querying AI for classification...
21:06:15 [INFO] Unknown app 'Antigravity IDE.exe' detected, querying AI for classification...
21:06:23 [INFO] Unknown app 'Antigravity IDE.exe' detected, querying AI for classification...
21:06:23 [INFO] [OK] Flushed 1/1 desktop sessions to backend.
21:06:28 [INFO] Now tracking: [PRODUCTIVE] python.exe -- POLARIS — Desktop Agent
21:06:33 [INFO] Unknown app 'Antigravity IDE.exe' detected, querying AI for classification...
21:06:35 [INFO] Session complete: [PRODUCTIVE] python.exe -- POLARIS — Desktop Agent | 5s
21:06:35 [INFO] Now tracking: [PRODUCTIVE] Antigravity IDE.exe -- lifeos - Antigravity IDE - api_client.py
21:06:40 [INFO] Unknown app 'Antigravity IDE.exe' detected, querying AI for classification...
21:06:48 [INFO] Unknown app 'Antigravity IDE.exe' detected, querying AI for classification...
21:06:55 [INFO] Unknown app 'Antigravity IDE.exe' detected, querying AI for classification...
21:07:00 [INFO] Unknown app 'Antigravity IDE.exe' detected, querying AI for classification...
21:07:02 [INFO] [OK] Flushed 2/2 desktop sessions to backend.
21:07:07 [INFO] Unknown app 'Antigravity IDE.exe' detected, querying AI for classification...
21:07:13 [INFO] Unknown app 'Antigravity IDE.exe' detected, querying AI for classification...
21:07:18 [INFO] Unknown app 'Antigravity IDE.exe' detected, querying AI for classification...
21:07:23 [INFO] Unknown app 'Antigravity IDE.exe' detected, querying AI for classification...
21:07:28 [INFO] Unknown app 'Antigravity IDE.exe' detected, querying AI for classification...
21:07:34 [INFO] Unknown app 'Antigravity IDE.exe' detected, querying AI for classification...
21:07:36 [INFO] [OK] Flushed 1/1 desktop sessions to backend.
21:07:41 [INFO] Unknown app 'Antigravity IDE.exe' detected, querying AI for classification...
21:07:48 [INFO] Unknown app 'Antigravity IDE.exe' detected, querying AI for classification...
21:07:56 [INFO] Unknown app 'Antigravity IDE.exe' detected, querying AI for classification...
21:08:03 [INFO] Unknown app 'Antigravity IDE.exe' detected, querying AI for classification...
21:08:10 [INFO] Session complete: [PRODUCTIVE] Antigravity IDE.exe -- lifeos - Antigravity IDE - api_client.py | 20s
21:08:10 [INFO] Now tracking: [PRODUCTIVE] python.exe -- POLARIS — Desktop Agent
21:08:15 [INFO] Unknown app 'Antigravity IDE.exe' detected, querying AI for classification...
21:08:17 [INFO] Session complete: [PRODUCTIVE] python.exe -- POLARIS — Desktop Agent | 5s
21:08:17 [INFO] Now tracking: [PRODUCTIVE] Antigravity IDE.exe -- lifeos - Antigravity IDE - api_client.py
21:08:17 [INFO] [OK] Flushed 3/3 desktop sessions to backend.
21:08:22 [INFO] Unknown app 'Antigravity IDE.exe' detected, querying AI for classification...
21:08:28 [INFO] Unknown app 'Antigravity IDE.exe' detected, querying AI for classification...
21:08:33 [INFO] Session complete: [PRODUCTIVE] Antigravity IDE.exe -- lifeos - Antigravity IDE - api_client.py | 10s
21:08:33 [INFO] Now tracking: [PRODUCTIVE] python.exe -- POLARIS — Desktop Agent
21:08:38 [INFO] Unknown app 'Antigravity IDE.exe' detected, querying AI for classification...
21:08:40 [INFO] Session complete: [PRODUCTIVE] python.exe -- POLARIS — Desktop Agent | 5s
21:08:40 [INFO] Now tracking: [PRODUCTIVE] Antigravity IDE.exe -- lifeos - Antigravity IDE - api_client.py
21:08:45 [INFO] Unknown app 'Antigravity IDE.exe' detected, querying AI for classification...
21:08:50 [INFO] Unknown app 'Antigravity IDE.exe' detected, querying AI for classification...
21:08:51 [INFO] [OK] Flushed 3/3 desktop sessions to backend.
21:08:56 [INFO] Unknown app 'Antigravity IDE.exe' detected, querying AI for classification...
21:09:01 [INFO] Unknown app 'Antigravity IDE.exe' detected, querying AI for classification...
21:09:01 [ERROR] Failed to dynamically classify app 'Antigravity IDE.exe': ('Connection aborted.', ConnectionAbortedError(10053, 'An established connection was aborted by the software in your host machine', None, 10053, None))
21:09:06 [INFO] Unknown app 'Antigravity IDE.exe' detected, querying AI for classification...
21:09:13 [INFO] Unknown app 'Antigravity IDE.exe' detected, querying AI for classification...
21:09:18 [INFO] Unknown app 'Antigravity IDE.exe' detected, querying AI for classification...
21:09:26 [INFO] Unknown app 'Antigravity IDE.exe' detected, querying AI for classification...
21:09:26 [INFO] [OK] Flushed 1/1 desktop sessions to backend.
21:09:31 [INFO] Unknown app 'Antigravity IDE.exe' detected, querying AI for classification...
21:09:36 [INFO] Unknown app 'Antigravity IDE.exe' detected, querying AI for classification...
21:09:41 [INFO] Session complete: [PRODUCTIVE] Antigravity IDE.exe -- lifeos - Antigravity IDE - api_client.py | 10s
21:09:41 [INFO] Now tracking: [NEUTRAL] Windows Explorer -- dist
21:09:51 [INFO] Session complete: [NEUTRAL] Windows Explorer -- dist | 10s
21:09:51 [INFO] Now tracking: [NEUTRAL] Windows Explorer -- desktop_tracker
21:09:56 [INFO] Session complete: [NEUTRAL] Windows Explorer -- desktop_tracker | 5s
21:09:56 [INFO] Now tracking: [NEUTRAL] Windows Explorer -- dist
21:09:58 [INFO] [OK] Flushed 4/4 desktop sessions to backend.
21:10:03 [INFO] Now tracking: [NEUTRAL] Windows Explorer -- desktop_tracker
21:10:08 [INFO] Shutdown signal received. Flushing remaining sessions...
21:10:08 [INFO] Unknown app 'Antigravity IDE.exe' detected, querying AI for classification...
21:10:11 [INFO] Session complete: [NEUTRAL] Windows Explorer -- desktop_tracker | 5s
21:10:11 [INFO] Now tracking: [PRODUCTIVE] Antigravity IDE.exe -- lifeos - Antigravity IDE - api_client.py
21:10:15 [INFO] Shutdown signal received. Flushing remaining sessions...
21:10:15 [INFO] Shutdown signal received. Flushing remaining sessions...
21:10:16 [INFO] Shutdown signal received. Flushing remaining sessions...
21:10:16 [INFO] Unknown app 'Antigravity IDE.exe' detected, querying AI for classification...
21:10:16 [INFO] Shutdown signal received. Flushing remaining sessions...
21:10:16 [INFO] Shutdown signal received. Flushing remaining sessions...
21:10:17 [INFO] Shutdown signal received. Flushing remaining sessions...
21:10:23 [INFO] Unknown app 'Antigravity IDE.exe' detected, querying AI for classification...
